# Généré par drivers/windows/tools/regen-layout.ps1 (cl.exe, WDK 10.0.26100.0, x64) : ne pas éditer.
# sizeof<TAB>Nom<TAB>octets | offset<TAB>Nom.Champ<TAB>octets | guid<TAB>Nom<TAB>XXXXXXXX-XXXX-XXXX-XXXX-XXXXXXXXXXXX | devpropkey<TAB>Nom<TAB>GUID,pid
sizeof	GUID	16
sizeof	KSDATAFORMAT	64
sizeof	KSDATARANGE	64
sizeof	KSDATARANGE_AUDIO	88
sizeof	WAVEFORMATEX	18
sizeof	WAVEFORMATEXTENSIBLE	40
sizeof	KSDATAFORMAT_WAVEFORMATEX	82
sizeof	KSDATAFORMAT_WAVEFORMATEXTENSIBLE	104
sizeof	KSPIN_DESCRIPTOR	88
sizeof	PCPIN_DESCRIPTOR	112
sizeof	PCNODE_DESCRIPTOR	32
sizeof	PCCONNECTION_DESCRIPTOR	16
sizeof	PCFILTER_DESCRIPTOR	80
sizeof	PCPROPERTY_ITEM	24
sizeof	PCPROPERTY_REQUEST	72
sizeof	PCEVENT_ITEM	24
sizeof	PCEVENT_REQUEST	56
sizeof	PCAUTOMATION_TABLE	56
sizeof	KSJACK_DESCRIPTION	28
sizeof	KSRTAUDIO_BUFFER	16
sizeof	KSRTAUDIO_BUFFER_PROPERTY	40
sizeof	KSRTAUDIO_HWLATENCY	12
sizeof	KSRTAUDIO_NOTIFICATION_EVENT_PROPERTY	32
sizeof	KSAUDIO_POSITION	16
sizeof	KSSTATE	4
sizeof	DEVICE_OBJECT	336
sizeof	IRP	208
sizeof	UNICODE_STRING	16
sizeof	KSPROPERTY_DESCRIPTION	40
sizeof	KSPROPERTY_MEMBERSHEADER	16
sizeof	KSPROPERTY_STEPPING_LONG	16
sizeof	KSNODEPROPERTY	32
sizeof	KSNODEPROPERTY_AUDIO_CHANNEL	40
sizeof	KSMULTIPLE_ITEM	8
sizeof	KSP_PIN	32
sizeof	KSEVENTDATA	32
sizeof	KSEVENT_ENTRY	88
sizeof	KSAUDIO_PACKETSIZE_CONSTRAINTS2	40
sizeof	KSAUDIO_PACKETSIZE_PROCESSINGMODE_CONSTRAINT	24
sizeof	IUnknownVtbl	24
sizeof	IMiniportVtbl	40
sizeof	IMiniportWaveRTVtbl	64
sizeof	IMiniportWaveRTStreamVtbl	88
sizeof	IMiniportWaveRTStreamNotificationVtbl	120
sizeof	IMiniportTopologyVtbl	48
sizeof	IAdapterPowerManagementVtbl	48
sizeof	IPortVtbl	48
sizeof	IPortWaveRTVtbl	48
sizeof	IPortTopologyVtbl	48
sizeof	IPortWaveRTStreamVtbl	80
sizeof	IResourceListVtbl	88
sizeof	IRegistryKeyVtbl	88
sizeof	IPortEventsVtbl	40
sizeof	IPortClsVersionVtbl	32
offset	KSPROPERTY_DESCRIPTION.AccessFlags	0
offset	KSPROPERTY_DESCRIPTION.DescriptionSize	4
offset	KSPROPERTY_DESCRIPTION.PropTypeSet	8
offset	KSPROPERTY_DESCRIPTION.MembersListCount	32
offset	KSPROPERTY_DESCRIPTION.Reserved	36
offset	KSPROPERTY_MEMBERSHEADER.MembersFlags	0
offset	KSPROPERTY_MEMBERSHEADER.MembersSize	4
offset	KSPROPERTY_MEMBERSHEADER.MembersCount	8
offset	KSPROPERTY_MEMBERSHEADER.Flags	12
offset	KSPROPERTY_STEPPING_LONG.SteppingDelta	0
offset	KSPROPERTY_STEPPING_LONG.Reserved	4
offset	KSPROPERTY_STEPPING_LONG.Bounds	8
offset	KSNODEPROPERTY.Property	0
offset	KSNODEPROPERTY.NodeId	24
offset	KSNODEPROPERTY.Reserved	28
offset	KSNODEPROPERTY_AUDIO_CHANNEL.NodeProperty	0
offset	KSNODEPROPERTY_AUDIO_CHANNEL.Channel	32
offset	KSNODEPROPERTY_AUDIO_CHANNEL.Reserved	36
offset	KSMULTIPLE_ITEM.Size	0
offset	KSMULTIPLE_ITEM.Count	4
offset	KSJACK_DESCRIPTION.ChannelMapping	0
offset	KSJACK_DESCRIPTION.Color	4
offset	KSJACK_DESCRIPTION.ConnectionType	8
offset	KSJACK_DESCRIPTION.GeoLocation	12
offset	KSJACK_DESCRIPTION.GenLocation	16
offset	KSJACK_DESCRIPTION.PortConnection	20
offset	KSJACK_DESCRIPTION.IsConnected	24
offset	KSP_PIN.Property	0
offset	KSP_PIN.PinId	24
offset	PCNODE_DESCRIPTOR.Flags	0
offset	PCNODE_DESCRIPTOR.AutomationTable	8
offset	PCNODE_DESCRIPTOR.Type	16
offset	PCNODE_DESCRIPTOR.Name	24
offset	PCPROPERTY_ITEM.Set	0
offset	PCPROPERTY_ITEM.Id	8
offset	PCPROPERTY_ITEM.Flags	12
offset	PCPROPERTY_ITEM.Handler	16
offset	PCEVENT_ITEM.Set	0
offset	PCEVENT_ITEM.Id	8
offset	PCEVENT_ITEM.Flags	12
offset	PCEVENT_ITEM.Handler	16
offset	PCEVENT_REQUEST.MajorTarget	0
offset	PCEVENT_REQUEST.MinorTarget	8
offset	PCEVENT_REQUEST.Node	16
offset	PCEVENT_REQUEST.EventItem	24
offset	PCEVENT_REQUEST.EventEntry	32
offset	PCEVENT_REQUEST.Verb	40
offset	PCEVENT_REQUEST.Irp	48
offset	PCAUTOMATION_TABLE.PropertyItemSize	0
offset	PCAUTOMATION_TABLE.PropertyCount	4
offset	PCAUTOMATION_TABLE.Properties	8
offset	PCAUTOMATION_TABLE.MethodItemSize	16
offset	PCAUTOMATION_TABLE.MethodCount	20
offset	PCAUTOMATION_TABLE.Methods	24
offset	PCAUTOMATION_TABLE.EventItemSize	32
offset	PCAUTOMATION_TABLE.EventCount	36
offset	PCAUTOMATION_TABLE.Events	40
offset	PCAUTOMATION_TABLE.Reserved	48
offset	KSEVENTDATA.NotificationType	0
offset	KSAUDIO_PACKETSIZE_CONSTRAINTS2.MinPacketPeriodInHns	0
offset	KSAUDIO_PACKETSIZE_CONSTRAINTS2.PacketSizeFileAlignment	4
offset	KSAUDIO_PACKETSIZE_CONSTRAINTS2.MaxPacketSizeInBytes	8
offset	KSAUDIO_PACKETSIZE_CONSTRAINTS2.NumProcessingModeConstraints	12
offset	KSAUDIO_PACKETSIZE_CONSTRAINTS2.ProcessingModeConstraints	16
offset	KSAUDIO_PACKETSIZE_PROCESSINGMODE_CONSTRAINT.ProcessingMode	0
offset	KSAUDIO_PACKETSIZE_PROCESSINGMODE_CONSTRAINT.SamplesPerProcessingPacket	16
offset	KSAUDIO_PACKETSIZE_PROCESSINGMODE_CONSTRAINT.ProcessingPacketDurationInHns	20
guid	IID_IUnknown	00000000-0000-0000-0000-C00000000046
guid	IID_IMiniportWaveRT	0F9FC4D6-6061-4F3C-B1FC-075E35F7960A
guid	IID_IMiniportTopology	B4C90A31-5791-11D0-86F9-00A0C911B544
guid	IID_IAdapterPowerManagement	793417D0-35FE-11D1-AD08-00A0C90AB1B0
guid	IID_IPortWaveRT	339FF909-68A9-4310-B09B-274E96EE4CBD
guid	IID_IPortTopology	B4C90A30-5791-11D0-86F9-00A0C911B544
guid	IID_IPortEvents	A80F29C4-5498-11D2-95D9-00C04FB925D3
guid	KSCATEGORY_AUDIO	6994AD04-93EF-11D0-A3CC-00A0C9223196
guid	KSDATAFORMAT_SUBTYPE_PCM	00000001-0000-0010-8000-00AA00389B71
guid	KSDATAFORMAT_SUBTYPE_IEEE_FLOAT	00000003-0000-0010-8000-00AA00389B71
guid	KSNODETYPE_SPEAKER	DFF21CE1-F70F-11D0-B917-00A0C9223196
guid	KSNODETYPE_VOLUME	3A5ACC00-C557-11D0-8A2B-00A0C9255AC1
guid	KSNODETYPE_MUTE	02B223C0-C557-11D0-8A2B-00A0C9255AC1
guid	KSPROPSETID_Jack	4509F757-2D46-4637-8E62-CE7DB944F57B
guid	KSEVENTSETID_PinCapsChange	DD4F192E-3B78-49AD-A534-2C315B822000
guid	KSPROPSETID_Audio	45FFAAA0-6E1B-11D0-BCF2-444553540000
guid	KSPROPTYPESETID_General	97E99BA0-BDEA-11CF-A5D6-28DB04C10000
devpropkey	DEVPKEY_KsAudio_PacketSize_Constraints2	9404F781-7191-409B-8B0B-80BF6EC229AE,2
